---
source: src/lib.rs
description: "module simple;\nmodule complex;"
expression: ast.unwrap()
input_file: tests/parser/submodules/aa.pr
snapshot_kind: text
---
- Module:
    name: simple
    ast:
      - Module:
          name: submod
          ast:
            - Function:
                name: aaa
                generics: ~
                params: []
                return_ty:
                  Primitive:
                    name:
                      base: Int32
                      segments: []
                    generics: ~
                body:
                  Int: "123"
      - Function:
          name: outer
          generics: ~
          params: []
          return_ty:
            Primitive:
              name:
                base: Int32
                segments: []
              generics: ~
          body:
            Call:
              callee:
                Dot:
                  expr:
                    Name: submod
                  field: aaa
              args: []
- Module:
    name: complex
    ast:
      - Module:
          name: other_submod
          ast:
            - Function:
                name: function_in_other_submod
                generics: ~
                params: []
                return_ty: ~
                body:
                  Tuple: []
      - Module:
          name: submod_submod
          ast:
            - Function:
                name: testytest
                generics: ~
                params: []
                return_ty: ~
                body:
                  Tuple: []
      - Function:
          name: aa
          generics: ~
          params: []
          return_ty: ~
          body:
            Tuple: []
