---
source: src/main.rs
description: "func main() -> int = 0\nfunc yes() -> bool = true\nfunc no() -> bool = false"
expression: mir
info: tests/mir/booleans.pr
snapshot_kind: text
---
functions:
  - name: 0
    params: []
    return_ty:
      Primitive: Int
    body:
      expr:
        Int: 0
      ty:
        Primitive: Int
  - name: 1
    params: []
    return_ty:
      Primitive: Bool
    body:
      expr:
        Bool: true
      ty:
        Primitive: Bool
  - name: 2
    params: []
    return_ty:
      Primitive: Bool
    body:
      expr:
        Bool: false
      ty:
        Primitive: Bool
