---
source: src/lib.rs
description: "enum AllEnumVariants =\n    | Unit\n    | TupleVariant(Int32, String)\n    | StructVariant { x Float64, y Float64 }"
expression: ast.unwrap()
input_file: tests/parser/types/all_enum_variants.pr
snapshot_kind: text
---
- Enum:
    name: AllEnumVariants
    generics: ~
    variants:
      - Unit: Unit
      - Tuple:
          name: TupleVariant
          fields:
            - Primitive:
                base: Int32
                segments: []
            - Primitive:
                base: String
                segments: []
      - Struct:
          name: StructVariant
          fields:
            - name: x
              ty:
                Primitive:
                  base: Float64
                  segments: []
            - name: y
              ty:
                Primitive:
                  base: Float64
                  segments: []
