---
source: src/lib.rs
description: "struct StructWithPathTypes {\n    a aa.bb.C,\n    b bb.cc.A,\n    c cc.aa.B\n}"
expression: ast.unwrap()
input_file: tests/parser/types/struct_with_path_types.pr
snapshot_kind: text
---
- Struct:
    name: StructWithPathTypes
    generics: ~
    fields:
      - name: a
        ty:
          Primitive:
            name:
              base: aa
              segments:
                - bb
                - C
            generics: ~
      - name: b
        ty:
          Primitive:
            name:
              base: bb
              segments:
                - cc
                - A
            generics: ~
      - name: c
        ty:
          Primitive:
            name:
              base: cc
              segments:
                - aa
                - B
            generics: ~
