---
source: src/lib.rs
description: func return_type_simple() Int32 = ()
expression: ast.unwrap()
input_file: tests/parser/function_signatures/return_type_simple.pr
snapshot_kind: text
---
- Function:
    name: return_type_simple
    generics: ~
    params: []
    return_ty:
      Primitive:
        name:
          base: Int32
          segments: []
        generics: ~
    body:
      Tuple: []
