---
source: src/lib.rs
description: "module other_submod;\nmodule submod_submod;\n\nfunc aa() = ()"
expression: ast.unwrap()
input_file: tests/parser/submodules/complex/complex.pr
snapshot_kind: text
---
- Module:
    name: other_submod
    ast:
      - Function:
          name: function_in_other_submod
          generics: ~
          params: []
          return_ty: ~
          body:
            Tuple: []
- Module:
    name: submod_submod
    ast:
      - Function:
          name: testytest
          generics: ~
          params: []
          return_ty: ~
          body:
            Tuple: []
- Function:
    name: aa
    generics: ~
    params: []
    return_ty: ~
    body:
      Tuple: []
