---
source: src/lib.rs
description: "module simple;\nmodule complex;"
expression: ast.unwrap()
input_file: tests/parser/submodules/aa.pr
snapshot_kind: text
---
- Module:
    name: simple
    ast:
      - Module:
          name: submod
          ast:
            - Function:
                name: aaa
                params: []
                return_ty:
                  Primitive:
                    base: Int32
                    segments: []
                body:
                  Int: "123"
      - Function:
          name: outer
          params: []
          return_ty:
            Primitive:
              base: Int32
              segments: []
          body:
            Call:
              callee:
                Name:
                  base: submod
                  segments:
                    - aaa
              args: []
- Module:
    name: complex
    ast:
      - Module:
          name: other_submod
          ast:
            - Function:
                name: function_in_other_submod
                params: []
                return_ty: ~
                body:
                  Tuple: []
      - Module:
          name: submod_submod
          ast:
            - Function:
                name: testytest
                params: []
                return_ty: ~
                body:
                  Tuple: []
      - Function:
          name: aa
          params: []
          return_ty: ~
          body:
            Tuple: []
