---
source: src/lib.rs
description: "func simple_float(n Float32) Float32 =\n    match n\n    | 2.5 => 1.5\n    | n => n * 3. / 2."
expression: ast.unwrap()
input_file: tests/parser/match/simple_float.pr
snapshot_kind: text
---
- Function:
    name: simple_float
    generics: ~
    params:
      - name: n
        ty:
          Primitive:
            name:
              base: Float32
              segments: []
            generics: ~
    return_ty:
      Primitive:
        name:
          base: Float32
          segments: []
        generics: ~
    body:
      Match:
        expr:
          Name: n
        arms:
          - pattern:
              pattern_type:
                Float: "2.5"
              condition: ~
            body:
              Float: "1.5"
          - pattern:
              pattern_type:
                Name:
                  base: n
                  segments: []
              condition: ~
            body:
              BinaryOp:
                op: Div
                lhs:
                  BinaryOp:
                    op: Mul
                    lhs:
                      Name: n
                    rhs:
                      Float: "3."
                rhs:
                  Float: "2."
