---
source: src/lib.rs
description: "func multiple_params(a Int32, bb Float32, ccc Bool) = ()\n\nfunc return_type_path() aa.b.Ccc = aa.b.Ccc"
expression: ast.unwrap()
input_file: tests/parser/function_signatures/multiple_functions.pr
snapshot_kind: text
---
- Function:
    name: multiple_params
    params:
      - name: a
        ty:
          Primitive:
            base: Int32
            segments: []
      - name: bb
        ty:
          Primitive:
            base: Float32
            segments: []
      - name: ccc
        ty:
          Primitive:
            base: Bool
            segments: []
    return_ty: ~
    body:
      Tuple: []
- Function:
    name: return_type_path
    params: []
    return_ty:
      Primitive:
        base: aa
        segments:
          - b
          - Ccc
    body:
      Name:
        base: aa
        segments:
          - b
          - Ccc
