---
source: src/main.rs
description: "func main() -> number = 0\nfunc one() -> number = 1\nfunc million() -> number = 1000000\nfunc neg_one() -> number = -1\nfunc neg_million() -> number = -1000000"
expression: mir
info: tests/mir/numbers.pr
snapshot_kind: text
---
functions:
  - name: 0
    params: []
    return_ty:
      Primitive: Number
    body:
      expr:
        Number: 0
      ty:
        Primitive: Number
  - name: 1
    params: []
    return_ty:
      Primitive: Number
    body:
      expr:
        Number: 1
      ty:
        Primitive: Number
  - name: 2
    params: []
    return_ty:
      Primitive: Number
    body:
      expr:
        Number: 1000000
      ty:
        Primitive: Number
  - name: 3
    params: []
    return_ty:
      Primitive: Number
    body:
      expr:
        Intrinsic:
          NegNumber:
            expr:
              expr:
                Number: 1
              ty:
                Primitive: Number
      ty:
        Primitive: Number
  - name: 4
    params: []
    return_ty:
      Primitive: Number
    body:
      expr:
        Intrinsic:
          NegNumber:
            expr:
              expr:
                Number: 1000000
              ty:
                Primitive: Number
      ty:
        Primitive: Number
