---
source: src/main.rs
description: "func main() -> int = 0\nfunc neg(a: int) -> int = -a\nfunc negf(a: float) -> float = -a\nfunc not(a: bool) -> bool = !a"
expression: mir
info: tests/mir/unary_ops.pr
snapshot_kind: text
---
functions:
  - name: 0
    params: []
    return_ty:
      Primitive: Int
    body:
      expr:
        Int: 0
      ty:
        Primitive: Int
  - name: 1
    params:
      - name: 4
        ty:
          Primitive: Int
    return_ty:
      Primitive: Int
    body:
      expr:
        Intrinsic:
          NegInt:
            expr:
              expr:
                Variable: 4
              ty:
                Primitive: Int
      ty:
        Primitive: Int
  - name: 2
    params:
      - name: 5
        ty:
          Primitive: Float
    return_ty:
      Primitive: Float
    body:
      expr:
        Intrinsic:
          NegFloat:
            expr:
              expr:
                Variable: 5
              ty:
                Primitive: Float
      ty:
        Primitive: Float
  - name: 3
    params:
      - name: 6
        ty:
          Primitive: Bool
    return_ty:
      Primitive: Bool
    body:
      expr:
        Intrinsic:
          NotBool:
            expr:
              expr:
                Variable: 6
              ty:
                Primitive: Bool
      ty:
        Primitive: Bool
externs: []
