---
source: src/lib.rs
description: "module submod {\n    func aaa() Int32 = 123\n}\n\nfunc outer() Int32 = submod.aaa()"
expression: ast.unwrap()
input_file: tests/parser/submodules/simple.pr
snapshot_kind: text
---
- Module:
    name: submod
    ast:
      - Function:
          name: aaa
          params: []
          return_ty:
            Primitive:
              base: Int32
              segments: []
          body:
            Int: "123"
- Function:
    name: outer
    params: []
    return_ty:
      Primitive:
        base: Int32
        segments: []
    body:
      Call:
        callee:
          Name:
            base: submod
            segments:
              - aaa
        args: []
